
[19:52:36] === AquaLive gestartet, Exe-Verzeichnis C:\Program Files (x86)\GOG Galaxy\Games\AquaNox\ ===
[19:52:36]   ok  NOD_Script::HeartBeat  0x0048D750
[19:52:36]   ok  lua_dobuffer           0x005D5790
[19:52:36] Vtable 0x005F6218+0x20: 0x0048D750 -> 0x730610E0
[19:52:36] Stufe 3 uebersprungen (keine Datei live\MENUPATCH).
[19:52:36] --- Stufe 4: Beobachter (Schalter C:\Program Files (x86)\GOG Galaxy\Games\AquaNox\mod_docu\live\MENUWATCH gefunden) ---
[19:52:36]   ok  MENU_Open (erste 5 Byte) 0x0058D520
[19:52:36] BEOBACHTER: MENU_Open 0x0058D520 -> Trampolin 0x73061E60 (gerettet: 53 8B 5C 24 0C)
[19:52:36] aktiv. Datei speichern und sie laeuft: C:\Program Files (x86)\GOG Galaxy\Games\AquaNox\mod_docu\live\live.lua
[19:52:55] MENU_Open  #1: Index 5, this=0x057AD6D4
[19:52:55] MENUE-ARRAY bei [this+0x3A4], this=0x057AD6D4:
[19:52:55]    [00..07] 03CECD2C 03CEA92C 03CEA8AC 03CEABAC 03CEAD2C 03CEAC2C 03CEADAC 03CEAE2C 
[19:52:55]    [08..15] 03CEAFAC 03CEB4AC 03CEB7AC 03CEB8AC 03CEB9AC 03CEB92C 03CEBAAC 03CEBB2C 
[19:52:55]    [16..23] 03CEBC2C 03CEBD2C 03CEBCAC 03CEBFAC 03CEC62C 03CEA82C 03CEA72C 03CEC0AC 
[19:52:55]    [24..31] 03CEC12C 03CEC1AC 03CEC22C 03CEC2AC 03CEC42C 03CEC4AC 03CEC52C 03CEC72C 
[19:52:55]    [32..39] 03CEC82C 03CEC7AC 03CEC8AC 03CEC92C 03CECBAC 00000000 033DBA6C 00000004 
[19:52:55]    [40..47] 00000000 00000000 00000000 00000000 00000000 00000000 00000000 00000000 
[19:52:55] MENUE-ARRAY: letzter plausible Zeiger bei Index 38 (erwartet 36, wenn das Array 37 Eintraege hat)
[19:52:55] MENUE-ARRAY: Zugriffsfehler beim Lesen -- uebersprungen.
[19:52:59] MENU_Open  #2: Index 25, this=0x057AD6D4
[19:52:59] MENUE-ARRAY bei [this+0x3A4], this=0x057AD6D4:
[19:52:59]    [00..07] 03CECD2C 03CEA92C 03CEA8AC 03CEABAC 03CEAD2C 03CEAC2C 03CEADAC 03CEAE2C 
[19:52:59]    [08..15] 03CEAFAC 03CEB4AC 03CEB7AC 03CEB8AC 03CEB9AC 03CEB92C 03CEBAAC 03CEBB2C 
[19:52:59]    [16..23] 03CEBC2C 03CEBD2C 03CEBCAC 03CEBFAC 03CEC62C 03CEA82C 03CEA72C 03CEC0AC 
[19:52:59]    [24..31] 03CEC12C 03CEC1AC 03CEC22C 03CEC2AC 03CEC42C 03CEC4AC 03CEC52C 03CEC72C 
[19:52:59]    [32..39] 03CEC82C 03CEC7AC 03CEC8AC 03CEC92C 03CECBAC 00000000 033DBA6C 00000004 
[19:52:59]    [40..47] 00000000 00000000 00000000 00000000 00000000 00000000 00000000 00000000 
[19:52:59] MENUE-ARRAY: letzter plausible Zeiger bei Index 38 (erwartet 36, wenn das Array 37 Eintraege hat)
[19:52:59] MENUE-ARRAY: Zugriffsfehler beim Lesen -- uebersprungen.
[19:53:09] MENU_Open  #3: Index 5, this=0x057AD6D4
[19:53:14] MENU_Open  #4: Index 25, this=0x057AD6D4
[19:53:19] MENU_Open  #5: Index 5, this=0x057AD6D4
[19:53:21] MENU_Open  #6: Index 36, this=0x057AD6D4
[19:53:22] MENU_Open  #7: Index 5, this=0x057AD6D4
[19:53:31] MENU_Open  #8: Index 21, this=0x057AD6D4
[19:53:40] MENU_Open  #9: Index 18, this=0x057AD6D4
[19:53:42] MENU_Open  #10: Index 20, this=0x057AD6D4
[19:53:47] MENU_Open  #11: Index 18, this=0x057AD6D4
