
[20:01:56] === AquaLive gestartet, Exe-Verzeichnis C:\Program Files (x86)\GOG Galaxy\Games\AquaNox\ ===
[20:01:56]   ok  NOD_Script::HeartBeat  0x0048D750
[20:01:56]   ok  lua_dobuffer           0x005D5790
[20:01:56] Vtable 0x005F6218+0x20: 0x0048D750 -> 0x730613B0
[20:01:56] Stufe 3 uebersprungen (keine Datei live\MENUPATCH).
[20:01:56] Stufe 6 (38. Bildschirm): ANGEFORDERT -- wird beim ersten Menuewechsel gebaut
[20:01:56] --- Stufe 4: Beobachter (Schalter C:\Program Files (x86)\GOG Galaxy\Games\AquaNox\mod_docu\live\MENUWATCH gefunden) ---
[20:01:56]   ok  MENU_Open (erste 5 Byte) 0x0058D520
[20:01:56] BEOBACHTER: MENU_Open 0x0058D520 -> Trampolin 0x73062590 (gerettet: 53 8B 5C 24 0C)
[20:01:56] aktiv. Datei speichern und sie laeuft: C:\Program Files (x86)\GOG Galaxy\Games\AquaNox\mod_docu\live\live.lua
[20:02:04] MENU_Open  #1: Index 5, this=0x18B50054
[20:02:04] MENUE-ARRAY bei [this+0x3A4], this=0x18B50054:
[20:02:04]    [00..07] 03D0DCAC 03D0DC2C 03D0DBAC 03D0D92C 03D0D8AC 03D0D82C 03D0D72C 03D0D6AC 
[20:02:04]    [08..15] 03D0D62C 03D0CFAC 03D0CD2C 03D0CC2C 03D0CBAC 03D0CB2C 03D0CAAC 03D0C9AC 
[20:02:04]    [16..23] 03D0C8AC 03D0C82C 03D0C7AC 03D0C72C 03D0C52C 03D0C42C 03D0C32C 03D0C1AC 
[20:02:04]    [24..31] 03D0C12C 03D0C0AC 03D0C02C 03D0BFAC 03D0BE2C 03D0BDAC 03D0BD2C 03D0BBAC 
[20:02:04]    [32..39] 03D0BB2C 03D0BAAC 03D0BA2C 03D0B9AC 03D0B92C 00000000 033F8ECC 00000004 
[20:02:04]    [40..47] 00000000 00000000 00000000 00000000 00000000 00000000 00000000 00000000 
[20:02:04] MENUE-ARRAY: letzter plausible Zeiger bei Index 38 (erwartet 36, wenn das Array 37 Eintraege hat)
[20:02:04] MENUE-ARRAY: Zugriffsfehler beim Lesen -- uebersprungen.
[20:02:04] --- Stufe 5: die 37 Bildschirmobjekte (44 Heaps) ---
[20:02:04]    [00] obj=0x03D0DCAC vtbl=0x005FA83C groesse=?
[20:02:04]    [01] obj=0x03D0DC2C vtbl=0x005FA83C groesse=?
[20:02:04]    [02] obj=0x03D0DBAC vtbl=0x005FA83C groesse=?
[20:02:04]    [03] obj=0x03D0D92C vtbl=0x005FA83C groesse=?
[20:02:04]    [04] obj=0x03D0D8AC vtbl=0x005FA83C groesse=?
[20:02:04]    [05] obj=0x03D0D82C vtbl=0x005FA83C groesse=?
[20:02:04]    [06] obj=0x03D0D72C vtbl=0x005FA83C groesse=?
[20:02:04]    [07] obj=0x03D0D6AC vtbl=0x005FA83C groesse=?
[20:02:04]    [08] obj=0x03D0D62C vtbl=0x005FA83C groesse=?
[20:02:04]    [09] obj=0x03D0CFAC vtbl=0x005FA83C groesse=?
[20:02:04]    [10] obj=0x03D0CD2C vtbl=0x005FA83C groesse=?
[20:02:04]    [11] obj=0x03D0CC2C vtbl=0x005FA818 groesse=?
[20:02:04]    [12] obj=0x03D0CBAC vtbl=0x005FA818 groesse=?
[20:02:04]    [13] obj=0x03D0CB2C vtbl=0x005FA818 groesse=?
[20:02:04]    [14] obj=0x03D0CAAC vtbl=0x005FA83C groesse=?
[20:02:04]    [15] obj=0x03D0C9AC vtbl=0x005FA83C groesse=?
[20:02:04]    [16] obj=0x03D0C8AC vtbl=0x005FA83C groesse=?
[20:02:04]    [17] obj=0x03D0C82C vtbl=0x005FA83C groesse=?
[20:02:04]    [18] obj=0x03D0C7AC vtbl=0x005FA83C groesse=?
[20:02:04]    [19] obj=0x03D0C72C vtbl=0x005FA83C groesse=?
[20:02:04]    [20] obj=0x03D0C52C vtbl=0x005FA83C groesse=?
[20:02:04]    [21] obj=0x03D0C42C vtbl=0x005FA83C groesse=?
[20:02:04]    [22] obj=0x03D0C32C vtbl=0x005FA83C groesse=?
[20:02:04]    [23] obj=0x03D0C1AC vtbl=0x005FA83C groesse=?
[20:02:04]    [24] obj=0x03D0C12C vtbl=0x005FA83C groesse=?
[20:02:04]    [25] obj=0x03D0C0AC vtbl=0x005FA83C groesse=?
[20:02:04]    [26] obj=0x03D0C02C vtbl=0x005FA83C groesse=?
[20:02:04]    [27] obj=0x03D0BFAC vtbl=0x005FA83C groesse=?
[20:02:04]    [28] obj=0x03D0BE2C vtbl=0x005FA83C groesse=?
[20:02:04]    [29] obj=0x03D0BDAC vtbl=0x005FA83C groesse=?
[20:02:04]    [30] obj=0x03D0BD2C vtbl=0x005FA83C groesse=?
[20:02:04]    [31] obj=0x03D0BBAC vtbl=0x005FA83C groesse=?
[20:02:04]    [32] obj=0x03D0BB2C vtbl=0x005FA83C groesse=?
[20:02:04]    [33] obj=0x03D0BAAC vtbl=0x005FA83C groesse=?
[20:02:04]    [34] obj=0x03D0BA2C vtbl=0x005FA83C groesse=?
[20:02:04]    [35] obj=0x03D0B9AC vtbl=0x005FA83C groesse=?
[20:02:04]    [36] obj=0x03D0B92C vtbl=0x005FA83C groesse=?
[20:02:04] --- Vtables mit mehreren Instanzen (klonbar) ---
[20:02:04]    vtbl 0x005FA83C: 34 Instanzen -> Index 0 1 2 3 4 5 6 7 8 9 10 14 15 16 17 18 19 20 21 22 23 24 25 26 27 28 29 30 31 32 33 34 35 36 
[20:02:04]    vtbl 0x005FA818: 3 Instanzen -> Index 11 12 13 
[20:02:04] STUFE 6: Klon von Index 31 (0x03D0BBAC) nach 0x0E0C0000, 128 Byte, vtbl 0x005FA83C
[20:02:04]   ok  Arrayzugriff 1         0x0058D6AB
[20:02:04] STUFE 6: 0x0058D6AB -> mov ecx,[ebx*4+0x7307FD70]
[20:02:04]   ok  Arrayzugriff 2         0x0058D8F3
[20:02:04] STUFE 6: 0x0058D8F3 -> mov ecx,[ebx*4+0x7307FD70]
[20:02:04] STUFE 6: Grenze  Open 83 FB 25   Close 83 FB 25
[20:02:04] STUFE 6: *** BEREIT -- Index 37 zeigt auf den Klon ***
